// Jest Snapshot v1, https://goo.gl/fbAQLP

exports[`CreateModel Transformer validation happy case 1`] = `
"
type Post {
  id: ID!
  title: String!
  createdAt: String
  updatedAt: String
}

input ModelStringInput {
  ne: String
  eq: String
  le: String
  lt: String
  ge: String
  gt: String
  contains: String
  notContains: String
  between: [String]
  beginsWith: String
  attributeExists: Boolean
  attributeType: ModelAttributeTypes
  size: ModelSizeInput
}

input ModelIntInput {
  ne: Int
  eq: Int
  le: Int
  lt: Int
  ge: Int
  gt: Int
  between: [Int]
  attributeExists: Boolean
  attributeType: ModelAttributeTypes
}

input ModelFloatInput {
  ne: Float
  eq: Float
  le: Float
  lt: Float
  ge: Float
  gt: Float
  between: [Float]
  attributeExists: Boolean
  attributeType: ModelAttributeTypes
}

input ModelBooleanInput {
  ne: Boolean
  eq: Boolean
  attributeExists: Boolean
  attributeType: ModelAttributeTypes
}

input ModelIDInput {
  ne: ID
  eq: ID
  le: ID
  lt: ID
  ge: ID
  gt: ID
  contains: ID
  notContains: ID
  between: [ID]
  beginsWith: ID
  attributeExists: Boolean
  attributeType: ModelAttributeTypes
  size: ModelSizeInput
}

input ModelSubscriptionStringInput {
  ne: String
  eq: String
  le: String
  lt: String
  ge: String
  gt: String
  contains: String
  notContains: String
  between: [String]
  beginsWith: String
  in: [String]
  notIn: [String]
}

input ModelSubscriptionIntInput {
  ne: Int
  eq: Int
  le: Int
  lt: Int
  ge: Int
  gt: Int
  between: [Int]
  in: [Int]
  notIn: [Int]
}

input ModelSubscriptionFloatInput {
  ne: Float
  eq: Float
  le: Float
  lt: Float
  ge: Float
  gt: Float
  between: [Float]
  in: [Float]
  notIn: [Float]
}

input ModelSubscriptionBooleanInput {
  ne: Boolean
  eq: Boolean
}

input ModelSubscriptionIDInput {
  ne: ID
  eq: ID
  le: ID
  lt: ID
  ge: ID
  gt: ID
  contains: ID
  notContains: ID
  between: [ID]
  beginsWith: ID
  in: [ID]
  notIn: [ID]
}

enum ModelAttributeTypes {
  binary
  binarySet
  bool
  list
  map
  number
  numberSet
  string
  stringSet
  _null
}

input ModelSizeInput {
  ne: Int
  eq: Int
  le: Int
  lt: Int
  ge: Int
  gt: Int
  between: [Int]
}

enum ModelSortDirection {
  ASC
  DESC
}

type ModelPostConnection {
  items: [Post]!
  nextToken: String
}

input ModelPostFilterInput {
  id: ModelIDInput
  title: ModelStringInput
  createdAt: ModelStringInput
  updatedAt: ModelStringInput
  and: [ModelPostFilterInput]
  or: [ModelPostFilterInput]
  not: ModelPostFilterInput
}

type Query {
  getPost(id: ID!): Post
  listPosts(filter: ModelPostFilterInput, limit: Int, nextToken: String): ModelPostConnection
}

input ModelPostConditionInput {
  title: ModelStringInput
  createdAt: ModelStringInput
  updatedAt: ModelStringInput
  and: [ModelPostConditionInput]
  or: [ModelPostConditionInput]
  not: ModelPostConditionInput
}

input CreatePostInput {
  id: ID
  title: String!
  createdAt: String
  updatedAt: String
}

input UpdatePostInput {
  id: ID!
  title: String
  createdAt: String
  updatedAt: String
}

input DeletePostInput {
  id: ID!
}

type Mutation {
  createPost(input: CreatePostInput!, condition: ModelPostConditionInput): Post
  updatePost(input: UpdatePostInput!, condition: ModelPostConditionInput): Post
  deletePost(input: DeletePostInput!, condition: ModelPostConditionInput): Post
}

type Subscription {
  onCreatePost: Post @aws_subscribe(mutations: [\\"createPost\\"])
  onUpdatePost: Post @aws_subscribe(mutations: [\\"updatePost\\"])
  onDeletePost: Post @aws_subscribe(mutations: [\\"deletePost\\"])
}

"
`;

exports[`CreateModel transformer vtl 1`] = `
Object {
  "Mutation.createPost.init.1.req.vtl": "## [Start] Initialization default values. **
$util.qr($ctx.stash.put(\\"defaultValues\\", $util.defaultIfNull($ctx.stash.defaultValues, {})))
#set( $createdAt = $util.time.nowISO8601() )
$util.qr($ctx.stash.defaultValues.put(\\"id\\", $util.autoId()))
$util.qr($ctx.stash.defaultValues.put(\\"createdAt\\", $createdAt))
$util.qr($ctx.stash.defaultValues.put(\\"updatedAt\\", $createdAt))
$util.toJson({
  \\"version\\": \\"2018-05-29\\",
  \\"payload\\": {}
})
## [End] Initialization default values. **",
  "Mutation.createPost.postAuth.1.req.vtl": "## [Start] Sandbox Mode Disabled. **
#if( !$ctx.stash.get(\\"hasAuth\\") )
  $util.unauthorized()
#end
$util.toJson({})
## [End] Sandbox Mode Disabled. **",
  "Mutation.createPost.req.vtl": "## [Start] Create Request template. **
#set( $args = $util.defaultIfNull($ctx.stash.transformedArgs, $ctx.args) )
## Set the default values to put request **
#set( $mergedValues = $util.defaultIfNull($ctx.stash.defaultValues, {}) )
## copy the values from input **
$util.qr($mergedValues.putAll($util.defaultIfNull($args.input, {})))
## set the typename **
$util.qr($mergedValues.put(\\"__typename\\", \\"Post\\"))
#set( $PutObject = {
  \\"version\\": \\"2018-05-29\\",
  \\"operation\\": \\"PutItem\\",
  \\"attributeValues\\":   $util.dynamodb.toMapValues($mergedValues),
  \\"condition\\": $condition
} )
#if( $args.condition )
  $util.qr($ctx.stash.conditions.add($args.condition))
#end
## Begin - key condition **
#if( $ctx.stash.metadata.modelObjectKey )
  #set( $keyConditionExpr = {} )
  #set( $keyConditionExprNames = {} )
  #foreach( $entry in $ctx.stash.metadata.modelObjectKey.entrySet() )
    $util.qr($keyConditionExpr.put(\\"keyCondition$velocityCount\\", {
  \\"attributeExists\\": false
}))
    $util.qr($keyConditionExprNames.put(\\"#keyCondition$velocityCount\\", \\"$entry.key\\"))
  #end
  $util.qr($ctx.stash.conditions.add($keyConditionExpr))
#else
  $util.qr($ctx.stash.conditions.add({
  \\"id\\": {
      \\"attributeExists\\": false
  }
}))
#end
## End - key condition **
## Start condition block **
#if( $ctx.stash.conditions && $ctx.stash.conditions.size() != 0 )
  #set( $mergedConditions = {
  \\"and\\": $ctx.stash.conditions
} )
  #set( $Conditions = $util.parseJson($util.transform.toDynamoDBConditionExpression($mergedConditions)) )
  #if( $Conditions.expressionValues && $Conditions.expressionValues.size() == 0 )
    #set( $Conditions = {
  \\"expression\\": $Conditions.expression,
  \\"expressionNames\\": $Conditions.expressionNames
} )
  #end
  ## End condition block **
#end
#if( $Conditions )
  #if( $keyConditionExprNames )
    $util.qr($Conditions.expressionNames.putAll($keyConditionExprNames))
  #end
  $util.qr($PutObject.put(\\"condition\\", $Conditions))
#end
#if( $ctx.stash.metadata.modelObjectKey )
  $util.qr($PutObject.put(\\"key\\", $ctx.stash.metadata.modelObjectKey))
#else
  #set( $Key = {
  \\"id\\":   $util.dynamodb.toDynamoDB($mergedValues.id)
} )
  $util.qr($PutObject.put(\\"key\\", $Key))
#end
$util.toJson($PutObject)
## [End] Create Request template. **",
  "Mutation.createPost.res.vtl": "## [Start] ResponseTemplate. **
$util.qr($ctx.result.put(\\"__operation\\", \\"Mutation\\"))
#if( $ctx.error )
  $util.error($ctx.error.message, $ctx.error.type)
#else
  $util.toJson($ctx.result)
#end
## [End] ResponseTemplate. **",
  "Mutation.deletePost.postAuth.1.req.vtl": "## [Start] Sandbox Mode Disabled. **
#if( !$ctx.stash.get(\\"hasAuth\\") )
  $util.unauthorized()
#end
$util.toJson({})
## [End] Sandbox Mode Disabled. **",
  "Mutation.deletePost.req.vtl": "## [Start] Delete Request template. **
#set( $args = $util.defaultIfNull($ctx.stash.transformedArgs, $ctx.args) )
#set( $DeleteRequest = {
  \\"version\\": \\"2018-05-29\\",
  \\"operation\\": \\"DeleteItem\\"
} )
#if( $ctx.stash.metadata.modelObjectKey )
  #set( $Key = $ctx.stash.metadata.modelObjectKey )
#else
  #set( $Key = {
  \\"id\\":   $util.dynamodb.toDynamoDB($args.input.id)
} )
#end
$util.qr($DeleteRequest.put(\\"key\\", $Key))
## Begin - key condition **
#if( $ctx.stash.metadata.modelObjectKey )
  #set( $keyConditionExpr = {} )
  #set( $keyConditionExprNames = {} )
  #foreach( $entry in $ctx.stash.metadata.modelObjectKey.entrySet() )
    $util.qr($keyConditionExpr.put(\\"keyCondition$velocityCount\\", {
  \\"attributeExists\\": true
}))
    $util.qr($keyConditionExprNames.put(\\"#keyCondition$velocityCount\\", \\"$entry.key\\"))
  #end
  $util.qr($ctx.stash.conditions.add($keyConditionExpr))
#else
  $util.qr($ctx.stash.conditions.add({
  \\"id\\": {
      \\"attributeExists\\": true
  }
}))
#end
## End - key condition **
#if( $args.condition )
  $util.qr($ctx.stash.conditions.add($args.condition))
#end
## Start condition block **
#if( $ctx.stash.conditions && $ctx.stash.conditions.size() != 0 )
  #set( $mergedConditions = {
  \\"and\\": $ctx.stash.conditions
} )
  #set( $Conditions = $util.parseJson($util.transform.toDynamoDBConditionExpression($mergedConditions)) )
  #if( $Conditions.expressionValues && $Conditions.expressionValues.size() == 0 )
    #set( $Conditions = {
  \\"expression\\": $Conditions.expression,
  \\"expressionNames\\": $Conditions.expressionNames
} )
  #end
  ## End condition block **
#end
#if( $Conditions )
  #if( $keyConditionExprNames )
    $util.qr($Conditions.expressionNames.putAll($keyConditionExprNames))
  #end
  $util.qr($DeleteRequest.put(\\"condition\\", $Conditions))
#end
$util.toJson($DeleteRequest)
## [End] Delete Request template. **",
  "Mutation.deletePost.res.vtl": "## [Start] ResponseTemplate. **
$util.qr($ctx.result.put(\\"__operation\\", \\"Mutation\\"))
#if( $ctx.error )
  $util.error($ctx.error.message, $ctx.error.type)
#else
  $util.toJson($ctx.result)
#end
## [End] ResponseTemplate. **",
  "Mutation.updatePost.init.1.req.vtl": "## [Start] Initialization default values. **
$util.qr($ctx.stash.put(\\"defaultValues\\", $util.defaultIfNull($ctx.stash.defaultValues, {})))
#set( $updatedAt = $util.time.nowISO8601() )
$util.qr($ctx.stash.defaultValues.put(\\"updatedAt\\", $updatedAt))
$util.toJson({
  \\"version\\": \\"2018-05-29\\",
  \\"payload\\": {}
})
## [End] Initialization default values. **",
  "Mutation.updatePost.postAuth.1.req.vtl": "## [Start] Sandbox Mode Disabled. **
#if( !$ctx.stash.get(\\"hasAuth\\") )
  $util.unauthorized()
#end
$util.toJson({})
## [End] Sandbox Mode Disabled. **",
  "Mutation.updatePost.req.vtl": "## [Start] Mutation Update resolver. **
#set( $args = $util.defaultIfNull($ctx.stash.transformedArgs, $ctx.args) )
## Set the default values to put request **
#set( $mergedValues = $util.defaultIfNull($ctx.stash.defaultValues, {}) )
## copy the values from input **
$util.qr($mergedValues.putAll($util.defaultIfNull($args.input, {})))
## set the typename **
## Initialize the vars for creating ddb expression **
#set( $expNames = {} )
#set( $expValues = {} )
#set( $expSet = {} )
#set( $expAdd = {} )
#set( $expRemove = [] )
#if( $ctx.stash.metadata.modelObjectKey )
  #set( $Key = $ctx.stash.metadata.modelObjectKey )
#else
  #set( $Key = {
  \\"id\\":   $util.dynamodb.toDynamoDB($args.input.id)
} )
#end
## Model key **
#if( $ctx.stash.metadata.modelObjectKey )
  #set( $keyFields = [] )
  #foreach( $entry in $ctx.stash.metadata.modelObjectKey.entrySet() )
    $util.qr($keyFields.add(\\"$entry.key\\"))
  #end
#else
  #set( $keyFields = [\\"id\\"] )
#end
#foreach( $entry in $util.map.copyAndRemoveAllKeys($mergedValues, $keyFields).entrySet() )
  #if( !$util.isNull($ctx.stash.metadata.dynamodbNameOverrideMap) && $ctx.stash.metadata.dynamodbNameOverrideMap.containsKey(\\"$entry.key\\") )
    #set( $entryKeyAttributeName = $ctx.stash.metadata.dynamodbNameOverrideMap.get(\\"$entry.key\\") )
  #else
    #set( $entryKeyAttributeName = $entry.key )
  #end
  #if( $util.isNull($entry.value) )
    #set( $discard = $expRemove.add(\\"#$entryKeyAttributeName\\") )
    $util.qr($expNames.put(\\"#$entryKeyAttributeName\\", \\"$entry.key\\"))
  #else
    $util.qr($expSet.put(\\"#$entryKeyAttributeName\\", \\":$entryKeyAttributeName\\"))
    $util.qr($expNames.put(\\"#$entryKeyAttributeName\\", \\"$entry.key\\"))
    $util.qr($expValues.put(\\":$entryKeyAttributeName\\", $util.dynamodb.toDynamoDB($entry.value)))
  #end
#end
#set( $expression = \\"\\" )
#if( !$expSet.isEmpty() )
  #set( $expression = \\"SET\\" )
  #foreach( $entry in $expSet.entrySet() )
    #set( $expression = \\"$expression $entry.key = $entry.value\\" )
    #if( $foreach.hasNext() )
      #set( $expression = \\"$expression,\\" )
    #end
  #end
#end
#if( !$expAdd.isEmpty() )
  #set( $expression = \\"$expression ADD\\" )
  #foreach( $entry in $expAdd.entrySet() )
    #set( $expression = \\"$expression $entry.key $entry.value\\" )
    #if( $foreach.hasNext() )
      #set( $expression = \\"$expression,\\" )
    #end
  #end
#end
#if( !$expRemove.isEmpty() )
  #set( $expression = \\"$expression REMOVE\\" )
  #foreach( $entry in $expRemove )
    #set( $expression = \\"$expression $entry\\" )
    #if( $foreach.hasNext() )
      #set( $expression = \\"$expression,\\" )
    #end
  #end
#end
#set( $update = {} )
$util.qr($update.put(\\"expression\\", \\"$expression\\"))
#if( !$expNames.isEmpty() )
  $util.qr($update.put(\\"expressionNames\\", $expNames))
#end
#if( !$expValues.isEmpty() )
  $util.qr($update.put(\\"expressionValues\\", $expValues))
#end
## Begin - key condition **
#if( $ctx.stash.metadata.modelObjectKey )
  #set( $keyConditionExpr = {} )
  #set( $keyConditionExprNames = {} )
  #foreach( $entry in $ctx.stash.metadata.modelObjectKey.entrySet() )
    $util.qr($keyConditionExpr.put(\\"keyCondition$velocityCount\\", {
  \\"attributeExists\\": true
}))
    $util.qr($keyConditionExprNames.put(\\"#keyCondition$velocityCount\\", \\"$entry.key\\"))
  #end
  $util.qr($ctx.stash.conditions.add($keyConditionExpr))
#else
  $util.qr($ctx.stash.conditions.add({
  \\"id\\": {
      \\"attributeExists\\": true
  }
}))
#end
## End - key condition **
#if( $args.condition )
  $util.qr($ctx.stash.conditions.add($args.condition))
#end
## Start condition block **
#if( $ctx.stash.conditions && $ctx.stash.conditions.size() != 0 )
  #set( $mergedConditions = {
  \\"and\\": $ctx.stash.conditions
} )
  #set( $Conditions = $util.parseJson($util.transform.toDynamoDBConditionExpression($mergedConditions)) )
  #if( $Conditions.expressionValues && $Conditions.expressionValues.size() == 0 )
    #set( $Conditions = {
  \\"expression\\": $Conditions.expression,
  \\"expressionNames\\": $Conditions.expressionNames
} )
  #end
  ## End condition block **
#end
#set( $UpdateItem = {
  \\"version\\": \\"2018-05-29\\",
  \\"operation\\": \\"UpdateItem\\",
  \\"key\\": $Key,
  \\"update\\": $update
} )
#if( $Conditions )
  #if( $keyConditionExprNames )
    $util.qr($Conditions.expressionNames.putAll($keyConditionExprNames))
  #end
  $util.qr($UpdateItem.put(\\"condition\\", $Conditions))
#end
$util.toJson($UpdateItem)
## [End] Mutation Update resolver. **",
  "Mutation.updatePost.res.vtl": "## [Start] ResponseTemplate. **
$util.qr($ctx.result.put(\\"__operation\\", \\"Mutation\\"))
#if( $ctx.error )
  $util.error($ctx.error.message, $ctx.error.type)
#else
  $util.toJson($ctx.result)
#end
## [End] ResponseTemplate. **",
  "Query.getPost.postAuth.1.req.vtl": "## [Start] Sandbox Mode Disabled. **
#if( !$ctx.stash.get(\\"hasAuth\\") )
  $util.unauthorized()
#end
$util.toJson({})
## [End] Sandbox Mode Disabled. **",
  "Query.getPost.req.vtl": "## [Start] Get Request template. **
#set( $GetRequest = {
  \\"version\\": \\"2018-05-29\\",
  \\"operation\\": \\"Query\\"
} )
#if( $ctx.stash.metadata.modelObjectKey )
  #set( $expression = \\"\\" )
  #set( $expressionNames = {} )
  #set( $expressionValues = {} )
  #foreach( $item in $ctx.stash.metadata.modelObjectKey.entrySet() )
    #set( $expression = \\"$expression#keyCount$velocityCount = :valueCount$velocityCount AND \\" )
    $util.qr($expressionNames.put(\\"#keyCount$velocityCount\\", $item.key))
    $util.qr($expressionValues.put(\\":valueCount$velocityCount\\", $item.value))
  #end
  #set( $expression = $expression.replaceAll(\\"AND $\\", \\"\\") )
  #set( $query = {
  \\"expression\\": $expression,
  \\"expressionNames\\": $expressionNames,
  \\"expressionValues\\": $expressionValues
} )
#else
  #set( $query = {
  \\"expression\\": \\"id = :id\\",
  \\"expressionValues\\": {
      \\":id\\":     $util.parseJson($util.dynamodb.toDynamoDBJson($ctx.args.id))
  }
} )
#end
$util.qr($GetRequest.put(\\"query\\", $query))
#if( !$util.isNullOrEmpty($ctx.stash.authFilter) )
  $util.qr($GetRequest.put(\\"filter\\", $util.parseJson($util.transform.toDynamoDBFilterExpression($ctx.stash.authFilter))))
#end
$util.toJson($GetRequest)
## [End] Get Request template. **",
  "Query.getPost.res.vtl": "## [Start] Get Response template. **
#if( $ctx.error )
  $util.error($ctx.error.message, $ctx.error.type)
#end
#if( !$ctx.result.items.isEmpty() && $ctx.result.scannedCount == 1 )
  $util.toJson($ctx.result.items[0])
#else
  #if( $ctx.result.items.isEmpty() && $ctx.result.scannedCount == 1 )
$util.unauthorized()
  #end
  $util.toJson(null)
#end
## [End] Get Response template. **",
  "Query.listPosts.postAuth.1.req.vtl": "## [Start] Sandbox Mode Disabled. **
#if( !$ctx.stash.get(\\"hasAuth\\") )
  $util.unauthorized()
#end
$util.toJson({})
## [End] Sandbox Mode Disabled. **",
  "Query.listPosts.req.vtl": "## [Start] List Request. **
#set( $args = $util.defaultIfNull($ctx.stash.transformedArgs, $ctx.args) )
#set( $limit = $util.defaultIfNull($args.limit, 100) )
#set( $ListRequest = {
  \\"version\\": \\"2018-05-29\\",
  \\"limit\\": $limit
} )
#if( $args.nextToken )
  #set( $ListRequest.nextToken = $args.nextToken )
#end
#if( !$util.isNullOrEmpty($ctx.stash.authFilter) )
  #set( $filter = $ctx.stash.authFilter )
  #if( !$util.isNullOrEmpty($args.filter) )
    #set( $filter = {
  \\"and\\":   [$filter, $args.filter]
} )
  #end
#else
  #if( !$util.isNullOrEmpty($args.filter) )
    #set( $filter = $args.filter )
  #end
#end
#if( !$util.isNullOrEmpty($filter) )
  #set( $filterExpression = $util.parseJson($util.transform.toDynamoDBFilterExpression($filter)) )
  #if( $util.isNullOrEmpty($filterExpression) )
    $util.error(\\"Unable to process the filter expression\\", \\"Unrecognized Filter\\")
  #end
  #if( !$util.isNullOrBlank($filterExpression.expression) )
    #if( $filterExpression.expressionValues.size() == 0 )
      $util.qr($filterExpression.remove(\\"expressionValues\\"))
    #end
    #set( $ListRequest.filter = $filterExpression )
  #end
#end
#if( !$util.isNull($ctx.stash.modelQueryExpression) && !$util.isNullOrEmpty($ctx.stash.modelQueryExpression.expression) )
  $util.qr($ListRequest.put(\\"operation\\", \\"Query\\"))
  $util.qr($ListRequest.put(\\"query\\", $ctx.stash.modelQueryExpression))
  #if( !$util.isNull($args.sortDirection) && $args.sortDirection == \\"DESC\\" )
    #set( $ListRequest.scanIndexForward = false )
  #else
    #set( $ListRequest.scanIndexForward = true )
  #end
#else
  $util.qr($ListRequest.put(\\"operation\\", \\"Scan\\"))
#end
#if( !$util.isNull($ctx.stash.metadata.index) )
  #set( $ListRequest.IndexName = $ctx.stash.metadata.index )
#end
$util.toJson($ListRequest)
## [End] List Request. **",
  "Query.listPosts.res.vtl": "## [Start] ResponseTemplate. **
#if( $ctx.error )
  $util.error($ctx.error.message, $ctx.error.type)
#else
  $util.toJson($ctx.result)
#end
## [End] ResponseTemplate. **",
  "Subscription.onCreatePost.postAuth.1.req.vtl": "## [Start] Sandbox Mode Disabled. **
#if( !$ctx.stash.get(\\"hasAuth\\") )
  $util.unauthorized()
#end
$util.toJson({})
## [End] Sandbox Mode Disabled. **",
  "Subscription.onCreatePost.req.vtl": "## [Start] Subscription Request template. **
$util.toJson({
  \\"version\\": \\"2018-05-29\\",
  \\"payload\\": {}
})
## [End] Subscription Request template. **",
  "Subscription.onCreatePost.res.vtl": "## [Start] Subscription Response template. **
$util.toJson(null)
## [End] Subscription Response template. **",
  "Subscription.onDeletePost.postAuth.1.req.vtl": "## [Start] Sandbox Mode Disabled. **
#if( !$ctx.stash.get(\\"hasAuth\\") )
  $util.unauthorized()
#end
$util.toJson({})
## [End] Sandbox Mode Disabled. **",
  "Subscription.onDeletePost.req.vtl": "## [Start] Subscription Request template. **
$util.toJson({
  \\"version\\": \\"2018-05-29\\",
  \\"payload\\": {}
})
## [End] Subscription Request template. **",
  "Subscription.onDeletePost.res.vtl": "## [Start] Subscription Response template. **
$util.toJson(null)
## [End] Subscription Response template. **",
  "Subscription.onUpdatePost.postAuth.1.req.vtl": "## [Start] Sandbox Mode Disabled. **
#if( !$ctx.stash.get(\\"hasAuth\\") )
  $util.unauthorized()
#end
$util.toJson({})
## [End] Sandbox Mode Disabled. **",
  "Subscription.onUpdatePost.req.vtl": "## [Start] Subscription Request template. **
$util.toJson({
  \\"version\\": \\"2018-05-29\\",
  \\"payload\\": {}
})
## [End] Subscription Request template. **",
  "Subscription.onUpdatePost.res.vtl": "## [Start] Subscription Response template. **
$util.toJson(null)
## [End] Subscription Response template. **",
}
`;

exports[`CreateModel transformer with multiple model with directives 1`] = `
"
type Post {
  id: ID!
  title: String!
  createdAt: String
  updatedAt: String
}

type User {
  id: ID!
  name: String!
  owner: String
  createdAt: AWSDateTime!
  updatedAt: AWSDateTime!
}

input ModelStringInput {
  ne: String
  eq: String
  le: String
  lt: String
  ge: String
  gt: String
  contains: String
  notContains: String
  between: [String]
  beginsWith: String
  attributeExists: Boolean
  attributeType: ModelAttributeTypes
  size: ModelSizeInput
}

input ModelIntInput {
  ne: Int
  eq: Int
  le: Int
  lt: Int
  ge: Int
  gt: Int
  between: [Int]
  attributeExists: Boolean
  attributeType: ModelAttributeTypes
}

input ModelFloatInput {
  ne: Float
  eq: Float
  le: Float
  lt: Float
  ge: Float
  gt: Float
  between: [Float]
  attributeExists: Boolean
  attributeType: ModelAttributeTypes
}

input ModelBooleanInput {
  ne: Boolean
  eq: Boolean
  attributeExists: Boolean
  attributeType: ModelAttributeTypes
}

input ModelIDInput {
  ne: ID
  eq: ID
  le: ID
  lt: ID
  ge: ID
  gt: ID
  contains: ID
  notContains: ID
  between: [ID]
  beginsWith: ID
  attributeExists: Boolean
  attributeType: ModelAttributeTypes
  size: ModelSizeInput
}

input ModelSubscriptionStringInput {
  ne: String
  eq: String
  le: String
  lt: String
  ge: String
  gt: String
  contains: String
  notContains: String
  between: [String]
  beginsWith: String
  in: [String]
  notIn: [String]
}

input ModelSubscriptionIntInput {
  ne: Int
  eq: Int
  le: Int
  lt: Int
  ge: Int
  gt: Int
  between: [Int]
  in: [Int]
  notIn: [Int]
}

input ModelSubscriptionFloatInput {
  ne: Float
  eq: Float
  le: Float
  lt: Float
  ge: Float
  gt: Float
  between: [Float]
  in: [Float]
  notIn: [Float]
}

input ModelSubscriptionBooleanInput {
  ne: Boolean
  eq: Boolean
}

input ModelSubscriptionIDInput {
  ne: ID
  eq: ID
  le: ID
  lt: ID
  ge: ID
  gt: ID
  contains: ID
  notContains: ID
  between: [ID]
  beginsWith: ID
  in: [ID]
  notIn: [ID]
}

enum ModelAttributeTypes {
  binary
  binarySet
  bool
  list
  map
  number
  numberSet
  string
  stringSet
  _null
}

input ModelSizeInput {
  ne: Int
  eq: Int
  le: Int
  lt: Int
  ge: Int
  gt: Int
  between: [Int]
}

enum ModelSortDirection {
  ASC
  DESC
}

type ModelPostConnection {
  items: [Post]!
  nextToken: String
}

input ModelPostFilterInput {
  id: ModelIDInput
  title: ModelStringInput
  createdAt: ModelStringInput
  updatedAt: ModelStringInput
  and: [ModelPostFilterInput]
  or: [ModelPostFilterInput]
  not: ModelPostFilterInput
}

type Query {
  getPost(id: ID!): Post
  listPosts(filter: ModelPostFilterInput, limit: Int, nextToken: String): ModelPostConnection
  getUser(id: ID!): User
  listUsers(filter: ModelUserFilterInput, limit: Int, nextToken: String): ModelUserConnection
}

input ModelPostConditionInput {
  title: ModelStringInput
  createdAt: ModelStringInput
  updatedAt: ModelStringInput
  and: [ModelPostConditionInput]
  or: [ModelPostConditionInput]
  not: ModelPostConditionInput
}

input CreatePostInput {
  id: ID
  title: String!
  createdAt: String
  updatedAt: String
}

input UpdatePostInput {
  id: ID!
  title: String
  createdAt: String
  updatedAt: String
}

input DeletePostInput {
  id: ID!
}

type Mutation {
  createPost(input: CreatePostInput!, condition: ModelPostConditionInput): Post
  updatePost(input: UpdatePostInput!, condition: ModelPostConditionInput): Post
  deletePost(input: DeletePostInput!, condition: ModelPostConditionInput): Post
  createUser(input: CreateUserInput!, condition: ModelUserConditionInput): User
  updateUser(input: UpdateUserInput!, condition: ModelUserConditionInput): User
  deleteUser(input: DeleteUserInput!, condition: ModelUserConditionInput): User
}

type Subscription {
  onCreatePost: Post @aws_subscribe(mutations: [\\"createPost\\"])
  onUpdatePost: Post @aws_subscribe(mutations: [\\"updatePost\\"])
  onDeletePost: Post @aws_subscribe(mutations: [\\"deletePost\\"])
  onCreateUser: User @aws_subscribe(mutations: [\\"createUser\\"])
  onUpdateUser: User @aws_subscribe(mutations: [\\"updateUser\\"])
  onDeleteUser: User @aws_subscribe(mutations: [\\"deleteUser\\"])
}

type ModelUserConnection {
  items: [User]!
  nextToken: String
}

input ModelUserFilterInput {
  id: ModelIDInput
  name: ModelStringInput
  owner: ModelStringInput
  and: [ModelUserFilterInput]
  or: [ModelUserFilterInput]
  not: ModelUserFilterInput
}

input ModelUserConditionInput {
  name: ModelStringInput
  owner: ModelStringInput
  and: [ModelUserConditionInput]
  or: [ModelUserConditionInput]
  not: ModelUserConditionInput
}

input CreateUserInput {
  id: ID
  name: String!
  owner: String
}

input UpdateUserInput {
  id: ID!
  name: String
  owner: String
}

input DeleteUserInput {
  id: ID!
}

"
`;
